../Core/Src/stm32f4xx_it.c:13:6:NMI_Handler	4	static
../Core/Src/stm32f4xx_it.c:28:6:HardFault_Handler	4	static
../Core/Src/stm32f4xx_it.c:43:6:MemManage_Handler	4	static
../Core/Src/stm32f4xx_it.c:58:6:BusFault_Handler	4	static
../Core/Src/stm32f4xx_it.c:73:6:UsageFault_Handler	4	static
../Core/Src/stm32f4xx_it.c:88:6:SVC_Handler	4	static
../Core/Src/stm32f4xx_it.c:101:6:DebugMon_Handler	4	static
../Core/Src/stm32f4xx_it.c:114:6:PendSV_Handler	4	static
../Core/Src/stm32f4xx_it.c:127:6:SysTick_Handler	8	static
